中间数据集/按品类的日粒度时序数据集/辣椒类.csv
日期,销量(千克),销售单价(元/千克),批发价格(元/千克),损耗率_品类,成本加成定价
2020-07-01,76.715,12.37915057915058,6.3725096525096525,9.24,11.118088803088803
2020-07-02,66.064,12.690265486725664,6.779646017699116,9.24,11.470685840707965
2020-07-03,64.253,12.840528634361235,7.122731277533039,9.24,11.639548458149779
2020-07-04,81.282,12.247098976109216,6.454505119453925,9.24,10.70038395904437
2020-07-05,98.496,12.12897727272727,6.5725,9.24,10.903579545454546
2020-07-06,58.682,13.140807174887893,6.920896860986548,9.24,11.670269058295963
2020-07-07,42.213,14.838743455497381,7.566178010471203,9.24,13.132277486910994
2020-07-08,65.88,13.105785123966943,6.976239669421488,9.24,11.84504132231405
2020-07-09,58.86,12.45570776255708,6.2694977168949775,9.24,10.74783105022831
2020-07-10,58.936,14.267078189300411,7.135802469135802,9.24,12.2390329218107
2020-07-11,85.936,13.688235294117648,7.417483660130719,9.24,12.27218954248366
2020-07-12,72.168,13.634228187919463,7.109765100671141,9.24,11.875260067114093
2020-07-13,61.24,12.247727272727273,6.783409090909091,9.24,10.946795454545454
2020-07-14,66.745,12.56311111111111,6.6671555555555555,9.24,11.116111111111111
2020-07-15,73.354,11.45495867768595,6.453512396694215,9.24,10.59629132231405
2020-07-16,72.656,11.80168776371308,6.795696202531645,9.24,10.963037974683544
2020-07-17,61.025,12.903669724770642,7.124770642201835,9.24,11.83979357798165
2020-07-18,85.051,13.210377358490565,7.076698113207547,9.24,11.818718553459119
2020-07-19,102.711,12.256195965417866,6.972046109510087,9.24,11.200886167146974
2020-07-20,67.35,10.988617886178861,6.908373983739837,9.24,10.620701219512195
2020-07-21,56.993,10.885221674876846,6.44768472906404,9.24,10.551945812807881
2020-07-22,81.309,11.15121107266436,6.5766435986159175,9.24,10.882145328719723
2020-07-23,57.639,12.272169811320754,6.743632075471699,9.24,10.975011792452829
2020-07-24,57.58,11.744949494949495,7.287272727272726,9.24,11.467449494949495
2020-07-25,94.206,11.396485623003194,7.464313099041533,9.24,11.247667731629393
2020-07-26,102.06099999999999,11.40948275862069,7.221034482758621,9.24,11.140797413793104
2020-07-27,71.402,12.742745098039215,7.567725490196079,9.24,12.087303921568626
2020-07-28,66.001,11.411999999999999,7.400888888888889,9.24,11.287777777777778
2020-07-29,82.494,11.018085106382978,7.476241134751772,9.24,10.957101063829787
2020-07-30,67.643,10.363135593220338,6.948474576271186,9.24,10.304046610169491
2020-07-31,41.104,11.83421052631579,7.16203947368421,9.24,11.590526315789473
2020-08-01,66.156,11.976226415094338,7.334415094339622,9.24,11.50822641509434
2020-08-02,67.963,10.785714285714286,6.528531746031747,9.24,9.849444444444444
2020-08-03,86.474,10.465084745762711,6.240677966101695,9.24,9.893271186440678
2020-08-04,73.365,10.375111111111112,6.1669777777777774,9.24,9.725188888888889
2020-08-05,82.229,10.762500000000001,6.508749999999999,9.24,10.0696875
2020-08-06,74.047,10.82008032128514,6.4994779116465855,9.24,10.142118473895582
2020-08-07,78.611,11.122900763358778,6.518854961832061,9.24,10.071402671755726
2020-08-08,100.292,11.047058823529412,6.623500000000001,9.24,10.171125
2020-08-09,73.684,10.460392156862746,6.74443137254902,9.24,10.407470588235295
2020-08-10,78.735,10.212167300380228,6.623460076045627,9.24,10.130922053231938
2020-08-11,73.292,10.59453125,6.5353125,9.24,10.202841796875
2020-08-12,85.166,10.294927536231885,6.489710144927535,9.24,10.032101449275363
2020-08-13,61.768,10.43063063063063,6.467297297297297,9.24,10.246993243243244
2020-08-14,76.489,10.360919540229885,6.4175095785440615,9.24,10.15624521072797
2020-08-15,94.285,10.460550458715597,6.184311926605504,9.24,9.921200305810398
2020-08-16,95.285,10.157446808510638,6.082127659574468,9.24,9.798609422492401
2020-08-17,72.953,9.420717131474103,5.8380079681274895,9.24,9.12503984063745
2020-08-18,76.92,9.589922480620155,5.602558139534884,9.24,8.966782945736433
2020-08-19,80.919,8.346570397111913,5.523754512635379,9.24,8.228664259927799
2020-08-20,75.953,8.407407407407407,5.421777777777777,9.24,8.225925925925926
2020-08-21,85.19800000000001,8.239716312056737,5.421489361702127,9.24,8.125753546099292
2020-08-22,116.801,8.443850267379679,5.689866310160427,9.24,8.359692513368984
2020-08-23,93.714,8.529761904761905,5.566428571428571,9.24,8.372083333333332
2020-08-24,97.079,8.03274021352313,5.587508896797153,9.24,7.984964412811388
2020-08-25,107.213,8.047507331378299,5.40316715542522,9.24,7.9450806451612905
2020-08-26,82.32000000000001,8.027046263345195,5.371387900355871,9.24,7.900222419928826
2020-08-27,89.92,8.084912280701754,5.198912280701754,9.24,7.684973684210526
2020-08-28,156.11,6.815508021390374,4.434465240641711,9.24,6.212586898395722
2020-08-29,145.627,6.843434343434343,4.652727272727272,9.24,6.821426767676768
2020-08-30,155.811,7.168181818181818,4.479068181818182,9.24,6.597136363636364
2020-08-31,117.965,7.061818181818182,4.572424242424242,9.24,7.037098484848484
2020-09-01,102.504,7.034364261168385,4.619725085910654,9.24,6.988865979381443
2020-09-03,87.119,7.285171102661597,4.330456273764258,9.24,6.593764258555132
2020-09-04,91.579,7.23956043956044,4.912197802197802,9.24,7.068186813186813
2020-09-05,110.43900000000001,8.033139534883722,4.619825581395349,9.24,6.487885174418604
2020-09-06,126.5,9.057731958762886,5.740644329896907,9.24,8.959149484536082
2020-09-07,56.473,9.357062146892655,5.51090395480226,9.24,8.825098870056497
2020-09-08,50.259,9.123636363636365,5.131818181818182,9.24,8.065439393939394
2020-09-09,39.795,9.466165413533835,5.325263157894737,9.24,8.23172932330827
2020-09-10,49.321,10.264367816091953,5.840402298850575,9.24,9.74433908045977
2020-09-11,50.22,10.544318181818182,6.010397727272727,9.24,10.061463068181817
2020-09-12,74.51,10.894029850746268,6.645410447761194,9.24,10.426473880597015
2020-09-13,83.723,10.798586572438163,7.049434628975265,9.24,10.535070671378092
2020-09-14,48.55,10.716564417177914,6.982269938650306,9.24,10.34424846625767
2020-09-15,49.991,10.627906976744185,6.806627906976744,9.24,10.32873546511628
2020-09-16,46.895,11.503703703703703,7.105987654320988,9.24,11.376975308641974
2020-09-17,46.145,11.819209039548022,7.169887005649717,9.24,11.710522598870055
2020-09-18,48.075,10.873684210526315,7.7728947368421055,9.24,10.756858552631579
2020-09-19,84.269,10.869731800766283,7.246896551724137,9.24,9.736005747126436
2020-09-20,99.148,11.525581395348837,6.602209302325583,9.24,10.3881613372093
2020-09-21,56.561,11.560714285714285,7.017678571428571,9.24,10.489464285714286
2020-09-22,77.009,11.56768558951965,8.363100436681224,9.24,11.423613537117905
2020-09-23,54.327,12.258333333333333,8.89890625,9.24,12.167734375
2020-09-24,50.486,12.302732240437159,7.981967213114754,9.24,12.175642076502731
2020-09-25,53.938,12.483076923076922,7.9767179487179485,9.24,12.280999999999999
2020-09-26,68.094,11.808298755186723,7.7702904564315345,9.24,11.741317427385892
2020-09-27,54.459,11.905699481865286,7.424041450777201,9.24,11.853044041450776
2020-09-28,37.410000000000004,10.981954887218045,7.601804511278195,9.24,10.981954887218045
2020-09-29,57.017,10.765258215962442,7.480516431924882,9.24,10.765258215962442
2020-09-30,53.628,10.753051643192489,7.484553990610329,9.24,10.753051643192489
2020-10-01,64.092,11.010894941634241,7.262918287937743,9.24,10.995301556420234
2020-10-02,69.054,11.285211267605634,7.149049295774647,9.24,11.231382042253522
2020-10-03,84.728,11.38255033557047,6.709362416107382,9.24,11.113330536912752
2020-10-04,75.21,11.555311355311355,7.524725274725275,9.24,11.472326007326007
2020-10-05,87.933,11.725448028673835,7.130931899641577,9.24,11.602267025089605
2020-10-06,81.727,11.969172932330828,7.194924812030075,9.24,11.813045112781955
2020-10-07,63.151,12.846017699115043,8.06637168141593,9.24,12.718429203539822
2020-10-08,72.023,12.602542372881356,7.953347457627118,9.24,12.548718220338984
2020-10-09,51.243,12.194845360824743,8.336546391752577,9.24,12.194845360824743
2020-10-10,52.511,11.708988764044943,8.240280898876405,9.24,11.708988764044943
2020-10-11,70.214,12.097435897435899,8.17871794871795,9.24,12.097435897435899
2020-10-12,48.979,11.68625,7.8345625,9.24,11.68625
2020-10-13,49.116,11.854945054945054,7.778241758241758,9.24,11.853131868131868
2020-10-14,46.36,12.090909090909092,7.8400606060606055,9.24,12.09090909090909
2020-10-15,45.236,11.961176470588235,7.632294117647059,9.24,11.935441176470587
2020-10-16,44.67,11.36219512195122,7.313902439024391,9.24,11.303841463414633
2020-10-17,96.277,10.232107023411372,6.640869565217391,9.24,10.185234113712376
2020-10-18,88.247,10.348571428571429,6.389535714285714,9.24,10.232883928571429
2020-10-19,56.69,10.552631578947368,6.962210526315789,9.24,10.248342105263157
2020-10-20,49.296,10.864242424242423,6.654606060606061,9.24,10.72669696969697
2020-10-21,48.047,12.10828025477707,7.493885350318471,9.24,11.915859872611465
2020-10-22,50.037,11.214457831325301,7.126987951807228,9.24,10.832048192771083
2020-10-23,43.758,12.76625,7.8534999999999995,9.24,12.237234375
2020-10-24,77.097,12.23726235741445,7.989125475285171,9.24,12.074591254752852
2020-10-25,72.537,12.413991769547325,7.974609053497942,9.24,12.286471193415638
2020-10-26,45.439,11.742446043165469,7.7023741007194255,9.24,11.628776978417267
2020-10-27,45.479,11.982165605095542,7.879745222929936,9.24,11.954554140127389
2020-10-28,49.395,12.428395061728395,7.972407407407407,9.24,12.217839506172838
2020-10-29,52.653999999999996,12.321686746987952,7.968313253012048,9.24,12.167786144578313
2020-10-30,46.452,13.882278481012658,8.818291139240506,9.24,13.713053797468353
2020-10-31,81.292,12.9284046692607,8.33443579766537,9.24,12.87614785992218
2020-11-01,73.722,12.642918454935623,8.486866952789699,9.24,12.604742489270386
2020-11-02,54.351,13.302272727272726,8.091534090909091,9.24,13.139005681818183
2020-11-03,66.834,11.031016042780749,7.91192513368984,9.24,10.993609625668448
2020-11-04,59.731,11.43953488372093,7.729593023255814,9.24,11.402703488372094
2020-11-05,45.282,12.931884057971013,8.185434782608695,9.24,12.925326086956522
2020-11-06,49.287,12.82469135802469,7.960555555555555,9.24,12.808302469135803
2020-11-07,69.738,13.743697478991596,8.578235294117647,9.24,13.700840336134455
2020-11-08,78.907,12.12755905511811,7.97992125984252,9.24,12.1253937007874
2020-11-09,64.616,11.07741935483871,7.446935483870968,9.24,11.07641129032258
2020-11-10,54.663,10.82625,7.2246875,9.24,10.81815625
2020-11-11,65.834,10.814285714285713,7.099234693877551,9.24,10.814285714285713
2020-11-12,58.851,11.433519553072625,7.584301675977653,9.24,11.431354748603352
2020-11-13,70.246,10.755,7.2488,9.24,10.644224999999999
2020-11-14,71.84,13.978947368421052,8.967692307692307,9.24,13.977783400809717
2020-11-15,74.078,11.704237288135593,7.568559322033899,9.24,11.684152542372882
2020-11-16,45.345,11.41744966442953,7.351140939597315,9.24,11.367936241610739
2020-11-17,43.486,10.576,6.9924800000000005,9.24,10.55718
2020-11-18,45.407000000000004,13.186075949367089,8.45126582278481,9.24,13.11272151898734
2020-11-19,59.111,11.487640449438201,7.526123595505618,9.24,11.4125702247191
2020-11-20,53.492,12.650574712643676,8.083333333333334,9.24,12.524511494252874
2020-11-21,79.344,12.376173285198556,8.17187725631769,9.24,12.32888989169675
2020-11-22,99.221,11.075524475524475,7.463076923076923,9.24,10.949318181818182
2020-11-23,59.056,11.00220994475138,7.024861878453039,9.24,10.835179558011049
2020-11-24,52.157,11.979761904761904,7.548452380952382,9.24,11.858169642857142
2020-11-25,39.054,13.135338345864662,8.432857142857141,9.24,12.992424812030075
2020-11-26,48.086,12.14569536423841,7.725099337748344,9.24,12.000496688741721
2020-11-27,53.116,11.206849315068494,7.3968493150684935,9.24,11.173476027397259
2020-11-29,66.151,11.630392156862746,7.454362745098038,9.24,11.585563725490196
2020-11-30,54.214,11.401212121212122,7.1786666666666665,9.24,11.324772727272727
2020-12-01,47.882,10.18206896551724,6.437724137931035,9.24,10.11098275862069
2020-12-02,48.74,11.389473684210527,7.137828947368422,9.24,11.23810855263158
2020-12-03,48.795,12.297222222222222,7.818958333333334,9.24,12.210815972222223
2020-12-04,42.929,13.596078431372549,8.157254901960783,9.24,12.898529411764706
2020-12-05,50.32,15.159064327485378,9.445380116959063,9.24,14.349429824561405
2020-12-06,61.77,16.060829493087557,9.41516129032258,9.24,14.75
2020-12-07,39.566,17.340845070422535,9.641619718309858,9.24,16.07232394366197
2020-12-08,37.891,16.632061068702292,9.899312977099235,9.24,15.726374045801524
2020-12-10,45.747,15.677241379310344,10.521517241379309,9.24,15.634137931034482
2020-12-11,44.514,15.281379310344828,10.168896551724139,9.24,15.028241379310343
2020-12-12,54.731,17.3419689119171,12.087564766839378,9.24,17.276489637305698
2020-12-13,76.784,14.960504201680672,10.647731092436974,9.24,14.904474789915966
2020-12-14,48.394,17.73375,12.5329375,9.24,17.733749999999997
2020-12-15,41.066,17.21203007518797,11.702932330827068,9.24,17.11078947368421
2020-12-22,38.615,18.014754098360658,13.088442622950819,9.24,18.011844262295078
2021-02-02,92.145,18.65397489539749,14.474184100418409,9.24,18.288702928870293
2021-02-19,116.07000000000001,16.852631578947367,12.967399380804954,9.24,16.672445820433435
2021-02-20,119.306,17.239244186046513,11.244360465116278,9.24,16.941068313953487
2021-02-21,80.423,18.763921568627453,11.490549019607844,9.24,18.147186274509806
2021-02-23,85.425,14.139024390243902,10.197276422764228,9.24,13.744715447154471
2021-02-24,60.043,14.468468468468469,11.038873873873875,9.24,14.468468468468469
2021-02-25,100.118,11.531958762886598,7.759965635738832,9.24,11.447757731958763
2021-02-26,135.777,11.289627659574467,7.302393617021277,9.24,11.160638297872342
2021-02-27,122.322,11.3984520123839,7.2117027863777095,9.24,11.308359133126935
2021-02-28,114.677,11.547204968944099,6.851024844720498,9.24,10.930170807453417
2021-03-01,97.068,10.03037542662116,6.354709897610921,9.24,9.981228668941979
2021-03-02,83.363,10.228151260504202,6.537773109243697,9.24,10.024369747899158
2021-03-03,80.749,11.82436974789916,8.20063025210084,9.24,11.660178571428574
2021-03-04,93.07600000000001,7.565447154471546,5.037764227642277,9.24,7.304186991869918
2021-03-05,101.498,10.251459854014598,6.361423357664234,9.24,9.90271897810219
2021-03-06,167.583,9.123093681917211,5.42880174291939,9.24,8.39831154684096
2021-03-07,122.568,10.545189504373178,6.079620991253644,9.24,9.677099125364432
2021-03-08,80.399,8.771367521367521,5.67042735042735,9.24,8.69465811965812
2021-03-09,66.895,10.493427230046947,6.305680751173709,9.24,10.156525821596246
2021-03-10,59.548,10.07514450867052,5.945028901734104,9.24,9.905317919075145
2021-03-11,57.357,9.828484848484848,5.706848484848485,9.24,9.475090909090909
2021-03-12,102.131,8.400357142857143,5.356571428571428,9.24,8.185267857142858
2021-03-13,104.089,9.9,6.132822299651568,9.24,9.591977351916377
2021-03-14,117.089,7.871028037383177,4.776323987538941,9.24,7.43702492211838
2021-03-15,85.656,6.688625592417061,4.231137440758293,9.24,6.448957345971564
2021-03-16,72.126,6.981094527363184,4.423731343283582,9.24,6.8805348258706465
2021-03-17,83.755,8.986746987951806,5.312931726907631,9.24,8.637801204819278
2021-03-18,73.733,8.2989898989899,4.636111111111111,9.24,7.984305555555555
2021-03-19,67.509,9.595566502463054,5.858226600985222,9.24,9.335467980295567
2021-03-20,117.89,8.339650145772595,4.999446064139941,9.24,8.01841836734694
2021-03-21,112.176,7.865483870967741,4.703225806451613,9.24,7.558830645161289
2021-03-22,70.68900000000001,6.1167597765363135,3.8325698324022346,9.24,5.67536312849162
2021-03-23,66.931,6.770348837209302,4.110988372093024,9.24,6.442994186046511
2021-03-24,42.484,8.60495867768595,4.611157024793389,9.24,8.03051652892562
2021-03-25,50.798,8.93904109589041,5.3146575342465745,9.24,8.37445205479452
2021-03-26,60.937,8.73491124260355,5.293609467455621,9.24,8.195532544378697
2021-03-27,78.794,10.463559322033898,6.451271186440678,9.24,9.804375
2021-03-28,78.41,9.085267857142856,6.0764732142857145,9.24,8.924799107142857
2021-03-29,62.154,8.624691358024691,5.5055555555555555,9.24,8.291898148148148
2021-03-30,57.851,10.79774011299435,6.915932203389831,9.24,10.390070621468926
2021-03-31,59.255,11.260115606936417,6.833121387283236,9.24,10.816690751445087
2021-04-01,52.994,11.204907975460122,6.820306748466258,9.24,11.003527607361963
2021-04-02,70.727,11.430941704035874,7.011031390134529,9.24,11.22578475336323
2021-04-03,100.32300000000001,11.707142857142857,7.393392857142857,9.24,11.632261904761904
2021-04-04,88.244,10.271886120996442,6.353238434163701,9.24,10.234377224199287
2021-04-05,112.577,8.851090342679127,6.171744548286604,9.24,8.801884735202492
2021-04-06,35.075,9.28125,6.765520833333333,9.24,9.278958333333334
2021-04-07,62.9,10.62233502538071,6.492131979695432,9.24,10.521624365482234
2021-04-08,52.596000000000004,10.436305732484076,6.823949044585988,9.24,10.246050955414011
2021-04-09,54.274,10.955900621118014,6.916459627329192,9.24,10.649875776397515
2021-04-10,84.84,9.32,6.112588235294118,9.24,9.317411764705883
2021-04-11,94.326,8.718150684931507,5.884109589041096,9.24,8.515522260273974
2021-04-12,38.756,9.934328358208955,6.603134328358209,9.24,9.585820895522389
2021-04-13,51.48,8.314184397163121,5.568581560283688,9.24,8.145975177304964
2021-04-14,47.052,9.032413793103448,5.898413793103448,9.24,8.715586206896552
2021-04-15,44.413,9.544927536231885,6.16608695652174,9.24,9.346449275362318
2021-04-16,62.197,9.109444444444446,6.163277777777778,9.24,8.786791666666666
2021-04-18,118.063,7.264705882352941,5.0582352941176465,9.24,7.037410130718955
2021-04-19,59.015,7.729090909090909,5.085818181818182,9.24,7.573348484848484
2021-04-20,64.062,8.282266009852217,5.213546798029557,9.24,8.007266009852216
2021-04-21,50.684,8.735031847133758,5.165923566878981,9.24,8.15826433121019
2021-04-22,47.905,8.87142857142857,5.301224489795918,9.24,8.353248299319729
2021-04-23,53.397,9.283448275862069,5.6768965517241385,9.24,8.862413793103448
2021-04-24,102.501,8.6843949044586,5.62343949044586,9.24,8.49109076433121
