中间数据集/按品类的日粒度时序数据集/辣椒类.csv
日期,销量(千克),销售单价(元/千克),批发价格(元/千克),损耗率_品类,成本加成定价
2021-04-25,71.047,9.427027027027028,5.852657657657658,9.24,9.058626126126127
2021-04-26,60.716,9.679695431472082,5.998934010152284,9.24,9.539314720812182
2021-04-27,50.15,9.146625766871166,5.884723926380368,9.24,9.04148773006135
2021-04-28,47.189,9.218867924528302,6.019748427672956,9.24,9.064827044025156
2021-04-29,54.543,9.248684210526315,6.093223684210526,9.24,9.112434210526315
2021-04-30,52.865,10.303896103896104,6.430649350649351,9.24,10.166152597402597
2021-05-01,77.396,10.108823529411765,6.307857142857142,9.24,10.06686974789916
2021-05-02,80.42,10.630651340996168,6.443869731800766,9.24,10.449731800766283
2021-05-03,83.419,9.676209677419354,5.896612903225806,9.24,9.45930443548387
2021-05-04,43.846,12.102580645161291,7.288774193548387,9.24,11.73174193548387
2021-05-06,73.006,8.63771186440678,7.255466101694915,9.24,8.514406779661018
2021-05-07,73.962,8.704694835680751,6.752676056338028,9.24,8.47699530516432
2021-05-09,95.075,9.155921052631578,6.38296052631579,9.24,9.028289473684211
2021-05-10,60.825,8.491709844559585,5.7339896373057,9.24,8.412357512953369
2021-05-11,46.524,8.94047619047619,5.782777777777778,9.24,8.863492063492064
2021-05-12,42.616,11.107563025210084,6.710588235294117,9.24,11.063991596638656
2021-05-13,47.949,9.882142857142858,6.3671428571428565,9.24,9.662464285714286
2021-05-14,51.909,10.475757575757575,6.354469696969697,9.24,10.34405303030303
2021-05-16,153.409,7.231136363636363,4.253954545454546,9.24,7.107795454545454
2021-05-17,76.099,5.151030927835051,3.1388659793814435,9.24,5.0333891752577316
2021-05-19,76.853,6.569955156950673,3.9880269058295967,9.24,6.308071748878924
2021-05-20,60.967,7.769500000000001,4.28225,9.24,7.379812500000001
2021-05-21,36.494,10.645669291338583,5.637952755905512,9.24,9.795688976377953
2021-05-22,98.93599999999999,6.876602564102564,4.447403846153846,9.24,6.672900641025642
2021-05-23,137.485,6.03037037037037,4.115975308641976,9.24,5.972567901234568
2021-05-24,54.772,6.998192771084337,4.329819277108434,9.24,6.677319277108434
2021-05-25,57.519,8.078306878306877,4.875132275132275,9.24,7.65973544973545
2021-05-26,65.416,7.5605128205128205,4.472820512820513,9.24,7.046025641025642
2021-05-27,37.078,9.668461538461539,5.265923076923078,9.24,8.789519230769232
2021-05-28,67.01,6.925123152709359,4.273349753694581,9.24,6.628768472906405
2021-05-29,116.845,6.9316715542521985,4.169354838709677,9.24,6.4659530791788855
2021-05-30,106.615,6.224038461538462,3.9297435897435897,9.24,5.836746794871795
2021-05-31,60.118,5.592452830188679,3.5251572327044025,9.24,5.225896226415094
2021-06-01,76.648,5.63103448275862,3.3657635467980294,9.24,5.081453201970444
2021-06-02,89.386,4.64935064935065,3.1902597402597404,9.24,4.480681818181818
2021-06-03,75.206,5.88955223880597,3.7867164179104478,9.24,5.571492537313432
2021-06-04,63.703,7.04824120603015,3.9941206030150758,9.24,6.573806532663316
2021-06-05,91.95,6.88188679245283,3.701622641509434,9.24,6.250613207547169
2021-06-06,88.671,6.772161172161172,3.527765567765568,9.24,5.909807692307693
2021-06-07,68.965,6.976923076923077,3.602355769230769,9.24,6.008545673076923
2021-06-08,56.101,7.428176795580111,3.885690607734807,9.24,6.499779005524862
2021-06-09,52.093,7.611976047904192,3.79748502994012,9.24,6.434760479041916
2021-06-10,57.091,6.629518072289157,3.55777108433735,9.24,5.765421686746987
2021-06-11,74.873,6.8458128078817735,3.4892118226600988,9.24,5.5765270935960585
2021-06-12,77.636,7.933207547169812,3.7249056603773587,9.24,6.308113207547169
2021-06-13,88.876,6.643877551020408,3.78452380952381,9.24,6.34562074829932
2021-06-14,69.072,6.87375,3.984083333333333,9.24,6.617989583333332
2021-06-15,60.187,7.185128205128205,3.8926666666666665,9.24,6.6025
2021-06-16,46.695,6.670909090909091,3.739030303030303,9.24,6.282090909090909
2021-06-17,45.845,6.466265060240964,3.2997590361445783,9.24,5.551400602409639
2021-06-18,46.754,5.541059602649006,3.248940397350993,9.24,5.107135761589404
2021-06-19,87.633,7.075367647058823,4.103823529411764,9.24,6.513216911764706
2021-06-20,84.134,6.43,3.6457200000000003,9.24,5.95357
2021-06-21,58.693,6.600578034682082,3.640057803468208,9.24,6.146054913294798
2021-06-22,56.135,7.371875,3.8709375,9.24,6.612539062500001
2021-06-23,53.900999999999996,6.982142857142857,3.6839285714285714,9.24,6.232113095238096
2021-06-24,41.586,7.230188679245282,3.897547169811321,9.24,6.548852201257861
2021-06-25,35.531,6.395348837209302,3.6115503875968993,9.24,5.999903100775194
2021-06-26,82.43900000000001,6.590441176470588,3.589375,9.24,6.143722426470588
2021-06-27,79.121,6.091505791505791,3.621853281853282,9.24,5.8552027027027025
2021-06-28,45.81,6.777272727272727,3.7179220779220774,9.24,5.895113636363636
2021-06-29,40.321,7.778767123287672,4.305,9.24,7.045890410958904
2021-06-30,39.114,7.655244755244755,4.17972027972028,9.24,6.937307692307692
2021-07-01,54.567,7.348958333333333,4.089895833333333,9.24,6.673033854166667
2021-07-02,51.785000000000004,7.836871508379888,4.726033519553073,9.24,7.2891480446927375
2021-07-03,73.552,7.439194139194139,4.448424908424909,9.24,7.2085347985347985
2021-07-04,57.583,7.817241379310345,4.6172906403940885,9.24,7.329667487684729
2021-07-05,53.877,8.029411764705882,4.6905882352941175,9.24,7.736727941176471
2021-07-06,46.553,8.801129943502824,4.4605084745762715,9.24,7.427076271186441
2021-07-07,38.244,8.52112676056338,4.590492957746479,9.24,7.49475352112676
2021-07-08,44.995,8.59825581395349,4.565348837209302,9.24,7.543343023255813
2021-07-09,34.612,9.348251748251748,4.728741258741259,9.24,8.033513986013986
2021-07-10,52.771,8.562745098039215,4.715392156862745,9.24,7.370367647058822
2021-07-11,39.195,8.801315789473684,4.9741447368421055,9.24,7.77827302631579
2021-07-12,42.472,8.474829931972788,5.120748299319728,9.24,7.905306122448979
2021-07-13,24.629,10.827027027027027,5.823603603603603,9.24,9.635292792792793
2021-07-14,51.339,7.289090909090909,4.957090909090909,9.24,6.8155909090909095
2021-07-15,48.957,8.06857142857143,4.7376000000000005,9.24,7.578628571428571
2021-07-16,57.948,8.74056603773585,5.246415094339623,9.24,8.272216981132075
2021-07-17,60.204,8.495454545454546,5.10301652892562,9.24,8.083863636363636
2021-07-18,67.134,8.349795918367347,4.710571428571429,9.24,7.670102040816326
2021-07-19,40.146,8.444927536231885,4.5732608695652175,9.24,7.211630434782609
2021-07-20,40.886,7.948387096774193,4.747290322580645,9.24,7.445548387096774
2021-07-21,58.081,8.129767441860466,4.875581395348838,9.24,7.6362906976744185
2021-07-22,56.815,7.67807486631016,4.771604278074866,9.24,7.13913101604278
2021-07-23,45.06,7.987878787878788,4.8907878787878785,9.24,7.5433939393939395
2021-07-24,82.893,7.752203389830509,4.676101694915253,9.24,7.304593220338983
2021-07-25,72.385,7.836,4.50008,9.24,7.130719999999999
2021-07-26,47.928,7.6279329608938555,4.89927374301676,9.24,7.437807262569833
2021-07-27,54.649,7.921505376344086,4.809516129032258,9.24,7.548575268817204
2021-07-28,63.485,7.716,4.77975,9.24,7.3192625
2021-07-29,33.377,7.768253968253968,4.709047619047619,9.24,7.330297619047618
2021-07-30,50.321,7.903409090909091,4.636818181818182,9.24,7.607997159090909
2021-07-31,57.015,8.417674418604651,5.121813953488372,9.24,8.139918604651163
2021-08-01,76.324,7.98840579710145,5.069384057971014,9.24,7.664891304347825
2021-08-02,79.129,8.040000000000001,5.253106382978723,9.24,7.4830106382978725
2021-08-03,55.900999999999996,8.362019230769231,5.369855769230769,9.24,7.750180288461538
2021-08-04,89.04,8.301418439716311,5.220602836879433,9.24,7.929459219858156
2021-08-05,65.069,7.75962441314554,4.989859154929577,9.24,7.571302816901408
2021-08-06,51.048,7.854807692307692,4.935048076923077,9.24,7.645745192307692
2021-08-07,69.382,7.5184,4.968,9.24,7.084809999999999
2021-08-08,54.567,7.557213930348259,4.815223880597015,9.24,7.232649253731344
2021-08-09,61.457,7.099086757990868,4.277442922374429,9.24,6.665799086757991
2021-08-10,66.971,7.307174887892376,4.128116591928251,9.24,6.556446188340807
2021-08-11,61.666000000000004,7.492553191489361,4.063351063829787,9.24,6.671103723404255
2021-08-12,83.793,7.473517786561264,4.36391304347826,9.24,7.133418972332016
2021-08-13,88.147,7.858561643835616,4.932671232876712,9.24,7.559006849315068
2021-08-14,96.491,7.814159292035399,4.856106194690265,9.24,7.474041297935103
2021-08-15,78.097,8.237362637362638,4.844065934065934,9.24,7.5892307692307694
2021-08-16,52.116,9.019796954314721,5.040203045685279,9.24,8.451345177664974
2021-08-17,59.86,8.394088669950738,4.997931034482759,9.24,7.875086206896551
2021-08-18,54.410000000000004,8.606122448979592,5.086173469387755,9.24,7.931007653061224
2021-08-19,50.988,7.901714285714285,5.174742857142856,9.24,7.257857142857143
2021-08-20,47.075,8.58695652173913,5.302554347826087,9.24,7.705951086956522
2021-08-21,67.629,8.232900432900433,5.066450216450216,9.24,7.754816017316017
2021-08-22,94.447,7.6774086378737545,4.764551495016611,9.24,7.297009966777409
2021-08-23,15.773,9.116279069767442,4.933953488372093,9.24,8.27813953488372
2021-08-24,53.891,7.0,3.75625,9.24,6.434673913043478
2021-08-25,53.903,6.1257142857142854,3.611942857142857,9.24,5.926100000000001
2021-08-26,61.124,6.736111111111111,4.030185185185185,9.24,6.551238425925926
2021-08-27,64.045,6.488479262672811,3.973456221198157,9.24,6.2126843317972344
2021-08-28,75.85,6.659498207885305,4.165340501792115,9.24,6.425367383512545
2021-08-29,81.325,6.145593869731801,3.9397701149425286,9.24,5.8777969348659
2021-08-30,65.327,6.668292682926829,4.2130731707317075,9.24,6.350878048780488
2021-08-31,66.34100000000001,7.32972972972973,4.365045045045045,9.24,6.682240990990991
2021-09-01,44.769,8.39874213836478,5.0145911949685535,9.24,7.942845911949685
2021-09-02,44.128,9.032679738562091,5.2892810457516335,9.24,8.336928104575163
2021-09-03,42.436,9.28834355828221,5.869815950920246,9.24,9.060490797546011
2021-09-04,90.712,9.016077170418006,6.023762057877813,9.24,8.987218649517684
2021-09-05,63.285,10.366071428571429,6.399196428571429,9.24,10.188772321428571
2021-09-06,42.718,9.183006535947712,5.925424836601308,9.24,8.85687908496732
2021-09-07,45.236,9.754,6.3054,9.24,9.345716666666668
2021-09-08,36.083,10.763358778625955,6.393358778625954,9.24,10.54942748091603
2021-09-09,39.957,10.746376811594203,7.120797101449275,9.24,10.537626811594203
2021-09-10,36.978,10.503597122302159,7.323669064748201,9.24,10.491978417266187
2021-09-11,53.88,10.38423645320197,6.8466009852216745,9.24,10.216169950738918
2021-09-12,52.389,9.905583756345179,6.907258883248731,9.24,9.828362944162437
2021-09-13,46.014,10.08974358974359,6.591153846153846,9.24,10.046971153846155
2021-09-14,34.598,10.092436974789916,6.574033613445378,9.24,10.032626050420168
2021-09-15,33.653,9.948717948717949,5.753333333333334,9.24,9.663675213675214
2021-09-16,33.706,10.75968992248062,6.394341085271318,9.24,10.661434108527132
2021-09-17,30.378,10.657657657657658,6.673513513513513,9.24,10.657657657657658
2021-09-18,44.636,10.352564102564102,6.791025641025642,9.24,10.352564102564102
2021-09-19,75.511,10.5015503875969,6.864457364341085,9.24,10.481637596899224
2021-09-20,88.257,10.509032258064517,6.533709677419355,9.24,10.46117741935484
2021-09-21,100.2,10.331901840490797,6.629907975460123,9.24,10.081740797546013
2021-09-22,50.36,10.21317365269461,6.6377844311377245,9.24,10.014131736526945
2021-09-23,45.19,9.881045751633987,6.392614379084968,9.24,9.418398692810458
2021-09-24,39.936,10.536000000000001,6.7652,9.24,10.174983333333333
2021-09-25,76.729,9.478861788617888,6.633211382113821,9.24,9.403272357723576
2021-09-26,46.272,9.34,6.47075,9.24,9.301015625
2021-09-27,32.674,9.647540983606557,6.222622950819672,9.24,9.601024590163934
2021-09-28,34.777,9.44516129032258,6.115887096774194,9.24,9.372318548387097
2021-09-29,50.474000000000004,8.246067415730337,5.938202247191011,9.24,8.03247191011236
2021-09-30,37.589,8.621621621621621,5.899797297297297,9.24,8.445371621621621
2021-10-01,80.011,8.185271317829459,5.2752325581395345,9.24,8.004932170542636
2021-10-02,66.537,7.43778801843318,4.741705069124424,9.24,7.340541474654378
2021-10-03,37.727,9.012587412587413,5.117552447552448,9.24,8.53006993006993
2021-10-04,67.602,7.931623931623932,4.881623931623931,9.24,7.798482905982906
2021-10-05,73.28,7.767634854771784,5.092157676348548,9.24,7.746473029045642
2021-10-06,78.097,7.008064516129032,4.678145161290323,9.24,6.997903225806452
2021-10-07,62.908,7.0497237569060776,4.472817679558012,9.24,6.847099447513813
2021-10-08,65.805,6.817204301075269,4.4215053763440855,9.24,6.653225806451613
2021-10-09,61.377,7.397849462365591,4.76752688172043,9.24,7.189798387096774
2021-10-10,109.84100000000001,6.496774193548387,4.231774193548388,9.24,6.326217741935484
2021-10-11,64.755,6.6976744186046515,4.1349418604651165,9.24,6.435915697674418
2021-10-12,57.257,6.656774193548387,3.951161290322581,9.24,6.4316129032258065
2021-10-13,44.341,6.666666666666667,4.2681666666666676,9.24,6.544895833333333
2021-10-15,54.933,9.004790419161676,4.867065868263473,9.24,8.365958083832336
2021-10-16,93.373,8.905035971223022,5.169820143884892,9.24,8.597796762589928
2021-10-17,64.30799999999999,7.963428571428571,4.9481142857142855,9.24,7.698671428571428
2021-10-18,40.29,8.784,5.3264,9.24,8.413920000000001
2021-10-19,40.052,7.982905982905983,5.3674358974358976,9.24,7.790811965811967
2021-10-20,43.48,10.016,5.66272,9.24,9.65344
2021-10-21,29.336,10.91,5.9379,9.24,10.226525
2021-10-22,30.078,10.754716981132075,6.384528301886792,9.24,10.433042452830188
2021-10-23,51.363,9.754601226993865,6.260613496932516,9.24,9.276564417177914
2021-10-24,41.481,9.815384615384616,6.764692307692307,9.24,9.543480769230769
2021-10-25,27.46,9.867532467532467,6.915844155844155,9.24,9.710909090909091
2021-10-26,35.664,11.29126213592233,7.03252427184466,9.24,11.26106796116505
2021-10-27,32.692,10.968224299065419,6.790747663551402,9.24,10.887079439252336
2021-10-28,25.502,11.712359550561798,7.122696629213484,9.24,11.635393258426966
2021-10-29,25.203,12.532558139534883,7.283372093023256,9.24,12.035087209302326
2021-10-30,26.181,13.27927927927928,8.685585585585585,9.24,13.208018018018016
2021-11-01,23.439,12.240963855421686,8.398915662650603,9.24,12.10012048192771
2021-11-02,25.556,13.161290322580646,9.394086021505377,9.24,13.161290322580646
2021-11-03,25.358999999999998,12.820512820512821,8.46871794871795,9.24,12.820512820512821
2021-11-04,24.241,13.417721518987342,8.734556962025316,9.24,13.130917721518987
2021-11-05,37.123,12.478632478632479,8.267606837606838,9.24,12.186581196581196
2021-11-06,35.493,12.53225806451613,8.398145161290323,9.24,12.51485887096774
2021-11-07,46.669,12.814814814814815,8.275925925925927,9.24,12.721234567901236
2021-11-08,24.775000000000002,12.886075949367088,9.003037974683544,9.24,12.886075949367088
2021-11-09,23.626,13.125,8.533750000000001,9.24,12.971249999999998
2021-11-10,28.642,13.23913043478261,8.839673913043478,9.24,13.20953804347826
2021-11-11,22.692,13.058666666666666,8.5492,9.24,12.966666666666667
2021-11-12,25.182,13.399999999999999,8.779550561797754,9.24,13.219101123595506
2021-11-13,28.792,13.882,9.3181,9.24,13.882
2021-11-14,39.412,11.930882352941175,8.681176470588236,9.24,11.898970588235294
2021-11-15,29.577,12.403809523809525,8.46,9.24,12.358857142857143
2021-11-16,27.575,13.832,9.4292,9.24,13.760074999999999
2021-11-17,23.355,13.849425287356324,9.028390804597702,9.24,13.700229885057473
2021-11-18,16.566,13.52,8.679818181818181,9.24,13.342545454545455
2021-11-19,19.49,13.12394366197183,8.924084507042254,9.24,13.118309859154929
2021-11-20,33.727,12.9984375,8.66625,9.24,12.9659375
2021-11-21,30.26,12.764601769911506,8.700884955752214,9.24,12.746792035398231
2021-11-22,22.036,11.68235294117647,8.462647058823528,9.24,11.646323529411765
2021-11-23,18.004,12.464705882352941,8.461911764705881,9.24,12.273308823529412
2021-11-24,21.68,12.416,8.668666666666667,9.24,12.416
2021-11-25,20.413,13.627397260273971,8.767534246575343,9.24,13.620684931506851
2021-11-26,14.855,14.97,9.393333333333334,9.24,14.882666666666667
2021-11-27,37.347,13.16030534351145,8.338931297709925,9.24,13.036068702290075
2021-11-28,25.149,13.675789473684212,8.74021052631579,9.24,13.560473684210525
2021-11-29,19.812,13.336986301369864,8.256301369863014,9.24,12.746301369863014
2021-11-30,32.472,11.398130841121494,8.491495327102804,9.24,11.311775700934579
2021-12-01,24.119,11.153246753246753,8.444935064935065,9.24,11.081428571428571
2021-12-02,22.703,12.074698795180723,8.669759036144578,9.24,11.68632530120482
2021-12-03,25.931,12.292307692307691,8.654615384615385,9.24,12.171758241758242
2021-12-04,36.36,13.525757575757577,8.501666666666667,9.24,13.389829545454546
2021-12-05,37.123,13.282706766917293,8.436165413533834,9.24,13.05374060150376
2021-12-06,37.461,12.446017699115044,8.164424778761061,9.24,12.233252212389381
2021-12-07,29.638,12.902752293577983,7.910366972477064,9.24,12.69467889908257
2021-12-08,24.71,12.368181818181819,7.645795454545455,9.24,12.191221590909093
2021-12-09,24.153,13.002298850574713,7.782068965517242,9.24,12.363735632183907
2021-12-10,26.56,11.097826086956522,7.501739130434783,9.24,10.643315217391304
2021-12-11,43.575,11.156291390728477,7.71,9.24,10.824867549668875
2021-12-12,43.444,11.601449275362318,7.449347826086957,9.24,11.156884057971014
2021-12-13,33.333,10.320833333333333,7.089166666666667,9.24,9.835989583333333
2021-12-14,30.287,11.665168539325844,8.149550561797753,9.24,11.622696629213484
2021-12-15,29.243,10.662790697674419,7.625232558139535,9.24,10.583023255813954
2021-12-16,33.832,10.327450980392157,7.2148039215686275,9.24,9.877892156862746
2021-12-17,34.228,11.287378640776698,8.030873786407767,9.24,11.151310679611651
2021-12-18,59.298,9.989473684210527,7.123976608187135,9.24,9.940540935672514
2021-12-19,52.980000000000004,8.601324503311258,6.788609271523178,9.24,8.309966887417218
2021-12-20,50.948,10.367142857142857,7.033857142857143,9.24,10.347428571428573
2021-12-21,31.633,10.668539325842696,7.0821348314606745,9.24,10.647162921348315
