中间数据集/按品类的日粒度时序数据集/辣椒类.csv
日期,销量(千克),销售单价(元/千克),批发价格(元/千克),损耗率_品类,成本加成定价
2023-06-19,77.049,6.737404580152672,4.365801526717557,9.24,6.6860877862595425
2023-06-20,66.666,7.424545454545455,4.742272727272727,9.24,7.1062045454545455
2023-06-21,91.365,5.506451612903225,3.323467741935484,9.24,5.035564516129032
2023-06-22,114.288,6.843820224719101,4.27005617977528,9.24,6.431601123595506
2023-06-23,88.349,7.022627737226277,4.196715328467153,9.24,6.816916058394161
2023-06-24,94.187,7.501829268292683,4.602682926829268,9.24,7.196448170731707
2023-06-25,69.658,6.678899082568807,4.057889908256881,9.24,6.269197247706422
2023-06-27,67.12,7.739814814814815,4.752592592592593,9.24,7.234768518518519
2023-06-28,68.534,7.7566037735849065,4.677547169811321,9.24,7.328844339622641
2023-06-29,89.113,7.333582089552239,4.62223880597015,9.24,6.858320895522388
2023-06-30,82.286,7.153030303030303,4.670530303030303,9.24,6.752518939393939
2020-09-02,83.969,6.982758620689655,3.9686206896551726,9.239999999999998,6.267435344827586
2020-11-28,82.485,10.257758620689655,6.912629310344828,9.239999999999998,10.214773706896551
2020-12-09,36.059,15.912068965517241,9.838103448275863,9.239999999999998,15.161702586206896
2021-04-17,72.266,8.29094827586207,5.954698275862069,9.239999999999998,8.110538793103448
2021-10-14,38.431,7.722413793103448,4.626724137931035,9.239999999999998,7.583103448275862
2021-10-31,35.237,12.862068965517242,8.172758620689654,9.239999999999998,12.733081896551726
2022-01-15,96.244,11.021120689655174,6.938620689655172,9.239999999999998,10.828383620689655
2022-06-06,40.803,5.894827586206896,3.6843965517241384,9.239999999999998,5.6136637931034485
2022-06-19,79.311,8.644827586206898,5.453965517241379,9.239999999999998,8.262877155172413
2022-09-28,77.96,10.175862068965518,7.285086206896551,9.239999999999998,9.634827586206898
2023-04-10,73.788,7.707758620689655,5.49,9.239999999999998,7.652370689655172
2023-05-30,59.897,7.2267241379310345,4.424741379310345,9.239999999999998,6.856982758620689
2021-05-05,72.08,11.439035087719297,7.641710526315789,9.240000000000002,11.07828947368421
2021-05-08,69.529,9.443913043478261,6.9096086956521745,9.240000000000002,9.401739130434782
2021-05-15,86.637,9.75,5.717061403508772,9.240000000000002,9.606118421052633
2021-05-18,84.864,6.587826086956522,4.100173913043478,9.240000000000002,6.504760869565217
2021-12-28,42.784,10.323684210526316,7.056052631578948,9.240000000000002,10.284978070175438
2022-05-14,79.242,6.932456140350878,4.376403508771929,9.240000000000002,6.896754385964912
2022-05-17,41.52,7.298245614035087,4.520175438596491,9.240000000000002,7.2091666666666665
2022-08-09,161.631,4.51578947368421,2.6180263157894736,9.240000000000002,3.9211184210526313
2022-09-17,168.436,9.814782608695653,6.819826086956522,9.240000000000002,9.075739130434783
2022-09-18,177.806,8.347826086956522,6.0726956521739135,9.240000000000002,7.488576086956521
2022-12-25,166.418,3.6895652173913045,1.778217391304348,9.240000000000002,2.9705978260869563
2023-04-19,76.651,8.42280701754386,5.453771929824562,9.240000000000002,7.991820175438597
2023-06-18,149.877,6.658771929824562,4.258201754385965,9.240000000000002,6.581315789473684
2023-06-26,72.185,7.684347826086957,4.482173913043478,9.240000000000002,7.211065217391304
